Loading weights:   0%|          | 0/103 [00:00<?, ?it/s]Loading weights: 100%|##########| 103/103 [00:00<00:00, 34327.64it/s]

==============================================================================
  CORPUS INGESTION  benchmark=cuad (domain_coherent)
  config=v4t-canonical  seed=42  limit_docs=ALL
  order=canonical
==============================================================================
  Loa  doc    25/510    global_step=   3377  |events|=  2227  |entities|= 3350  snapshots= 136  elapsed=  33.9s  dt=33.9s
  doc    50/510    global_step=   6243  |events|=  4092  |entities|= 5980  snapshots= 186  elapsed=  63.8s  dt=29.9s
  doc    75/510    gl  doc    25/510    global_step=   3377  |events|=  2227  |entities|= 3350  snapshots= 136  elapsed=  40.9s  dt=40.9s
  doc    50/510    global_step=   6243  |events|=  4092  |entities|= 5980  snapshots= 186  elapsed=  73.2s  dt=32.3s
  doc    75/510    global_step=  10020  |events|=  6433  |entities|= 8338  snapshots= 236  elapsed= 117.5s  dt=44.3s
  doc   100/510    global_step=  13620  |events|=  8754  |entities|=10795  snapshots= 286  elapsed= 161.9s  dt=44.5s
  doc   125/510    global_step=  17022  |events|= 10878  |entities|=12564  snapshots= 292  elapsed= 197.0s  dt=35.0s
  doc   150/510    global_step=  20870  |events|= 13202  |entities|=15278  snapshots= 296  elapsed= 235.4s  dt=38.4s
  doc   175/510    global_step=  25412  |events|= 16025  |entities|=17363  snapshots= 302  elapsed= 279.7s  dt=44.3s
  doc   200/510    global_step=  32576  |events|= 20587  |entities|=20370  snapshots= 306  elapsed= 345.8s  dt=66.1s
  doc   225/510    global_step=  35706  |events|= 22582  |entities|=22176  snapshots= 312  elapsed= 373.2s  dt=27.5s
  doc   250/510    global_step=  38911  |events|= 24588  |entities|=24124  snapshots= 316  elapsed= 402.5s  dt=29.2s
  doc   275/510    global_step=  44257  |events|= 28008  |entities|=26771  snapshots= 322  elapsed= 452.0s  dt=49.5s
  doc   300/510    global_step=  48748  |events|= 30461  |entities|=28685  snapshots= 326  elapsed= 490.5s  dt=38.5s
  doc   325/510    global_step=  51245  |events|= 32082  |entities|=30017  snapshots= 332  elapsed= 514.2s  dt=23.7s
  doc   350/510    global_step=  55037  |events|= 34578  |entities|=32304  snapshots= 336  elapsed= 549.3s  dt=35.1s
  doc   375/510    global_step=  57226  |events|= 36044  |entities|=33610  snapshots= 342  elapsed= 572.9s  dt=23.6s
  doc   400/510    global_step=  59545  |events|= 37534  |entities|=34993  snapshots= 346  elapsed= 598.4s  dt=25.5s
  doc   425/510    global_step=  63781  |events|= 40404  |entities|=36811  snapshots= 352  elapsed= 640.2s  dt=41.8s
  doc   450/510    global_step=  68594  |events|= 43312  |entities|=38724  snapshots= 356  elapsed= 686.4s  dt=46.2s
  doc   475/510    global_step=  70585  |events|= 44465  |entities|=39924  snapshots= 362  elapsed= 709.1s  dt=22.7s
  doc   500/510    global_step=  73228  |events|= 46135  |entities|=41462  snapshots= 366  elapsed= 734.2s  dt=25.1s
  doc   510/510    global_step=  74435  |events|= 46889  |entities|=42018  snapshots= 370  elapsed= 745.9s  dt=11.8s

  Building final graph dump...

  Saved snapshots.json, meta.json, final_graph.json
  Elapsed: 746.0s
  Final graph: 46889 events, 42018 entities, 444324 edges
  Store ratio: 62.99% (46889/74435)
